
> next-app@0.1.0 build
> next build

Γû▓ Next.js 16.1.6 (Turbopack)
- Experiments (use with caution):
  ┬╖ optimizePackageImports

  Creating an optimized production build ...
Γ£ô Compiled successfully in 7.6s
  Running TypeScript ...
